C:/Code/Bai_tap_THCS/24174600134_Nguyen_Thuy_Linh_bai_tap
Câu 1:
thuy linh@T1Odnoliub MINGW64 ~
$ cd C:/Code/Bai_tap_THCS
thuy linh@T1Odnoliub MINGW64 /c/Code/Bai_tap_THCS

$ git clone https://github.com/odnoliubz/24174600134_Nguyen_Thuy_Linh_bai_tap.git
Cloning into '24174600134_Nguyen_Thuy_Linh_bai_tap'...
remote: Enumerating objects: 3, done.
remote: Counting objects: 100% (3/3), done.
remote: Compressing objects: 100% (2/2), done.
remote: Total 3 (delta 0), reused 0 (delta 0), pack-reused 0 (from 0)
Receiving objects: 100% (3/3), done.

Câu 2:
thuy linh@T1Odnoliub MINGW64 /c/Code/Bai_tap_THCS
$ cd 24174600134_Nguyen_Thuy_Linh_bai_tap

thuy linh@T1Odnoliub MINGW64 /c/Code/Bai_tap_THCS/24174600134_Nguyen_Thuy_Linh_bai_tap (main)
$ echo "Lorem ipsum dolor sit amet, consectetur adipiscing elit. Integer efficitur, eros at
lacinia suscipit, magna turpis aliquam est, sit amet aliquam quam libero id mi. Ut vel
placerat risus. Sed tempor in ex vitae sodales. Donec et tempor orci. In pharetra viverra
sagittis. Vestibulum risus ante, molestie ac eros efficitur, bibendum tincidunt turpis. In sit
amet tortor gravida, ultricies ante vitae, varius tortor. Aliquam finibus porta nulla sed
gravida. Aliquam ultricies dapibus ante eget molestie. In hac habitasse platea dictumst.
Aliquam aliquam enim at massa pharetra, et vestibulum sapien consequat. Donec
accumsan quis metus at pellentesque. Morbi quis felis placerat, interdum justo a, aliquam
risus." > README.md

thuy linh@T1Odnoliub MINGW64 /c/Code/Bai_tap_THCS/24174600134_Nguyen_Thuy_Linh_bai_tap (main)
$ git add README.md

thuy linh@T1Odnoliub MINGW64 /c/Code/Bai_tap_THCS/24174600134_Nguyen_Thuy_Linh_bai_tap (main)
$ git commit -m "Thêm nội dung vào file README.md"
[main b24f223] Thêm nội dung vào file README.md
 1 file changed, 9 insertions(+), 2 deletions(-)

thuy linh@T1Odnoliub MINGW64 /c/Code/Bai_tap_THCS/24174600134_Nguyen_Thuy_Linh_bai_tap (main)
$ git push origin
Enumerating objects: 5, done.
Counting objects: 100% (5/5), done.
Delta compression using up to 16 threads
Compressing objects: 100% (2/2), done.
Writing objects: 100% (3/3), 664 bytes | 664.00 KiB/s, done.
Total 3 (delta 0), reused 0 (delta 0), pack-reused 0 (from 0)
To https://github.com/odnoliubz/24174600134_Nguyen_Thuy_Linh_bai_tap.git
   72d8272..b24f223  main -> main
Cau 3
thuy linh@T1Odnoliub MINGW64 /c/Code/Bai_tap_THCS/24174600134_Nguyen_Thuy_Linh_bai_tap (main)
$ git checkout -b branch_1
Switched to a new branch 'branch_1'

thuy linh@T1Odnoliub MINGW64 /c/Code/Bai_tap_THCS/24174600134_Nguyen_Thuy_Linh_bai_tap (branch_1)
$ echo "Lorem ipsum dolor sit amet, consectetur adipiscing elit." > text_branch_1.txt

thuy linh@T1Odnoliub MINGW64 /c/Code/Bai_tap_THCS/24174600134_Nguyen_Thuy_Linh_bai_tap (branch_1)
$ git add text_branch_1.txt

thuy linh@T1Odnoliub MINGW64 /c/Code/Bai_tap_THCS/24174600134_Nguyen_Thuy_Linh_bai_tap (branch_1)
$ git commit -m "Tạo file và thêm nội dung vào text_branch_1.txt "
[branch_1 f3632a4] Tạo file và thêm nội dung vào text_branch_1.txt
 1 file changed, 1 insertion(+)
 create mode 100644 text_branch_1.txt

thuy linh@T1Odnoliub MINGW64 /c/Code/Bai_tap_THCS/24174600134_Nguyen_Thuy_Linh_bai_tap (branch_1)
$ git checkout main
Switched to branch 'main'
Your branch is up to date with 'origin/main'.

thuy linh@T1Odnoliub MINGW64 /c/Code/Bai_tap_THCS/24174600134_Nguyen_Thuy_Linh_bai_tap (main)
$ git checkout -b branch_2
Switched to a new branch 'branch_2'

thuy linh@T1Odnoliub MINGW64 /c/Code/Bai_tap_THCS/24174600134_Nguyen_Thuy_Linh_bai_tap (branch_2)
$ echo "Praesent ullamcorper orci eu erat placerat sodales." > text_branch_2.txt

thuy linh@T1Odnoliub MINGW64 /c/Code/Bai_tap_THCS/24174600134_Nguyen_Thuy_Linh_bai_tap (branch_2)
$ git add text_branch_2.txt

thuy linh@T1Odnoliub MINGW64 /c/Code/Bai_tap_THCS/24174600134_Nguyen_Thuy_Linh_bai_tap (branch_2)
$ git commit -m "Tạo file và thêm nội dung vào text_branch_2.txt "
[branch_2 fc38e28] Tạo file và thêm nội dung vào text_branch_2.txt
 1 file changed, 1 insertion(+)
 create mode 100644 text_branch_2.txt

thuy linh@T1Odnoliub MINGW64 /c/Code/Bai_tap_THCS/24174600134_Nguyen_Thuy_Linh_bai_tap (branch_2)
$ git checkout main
Switched to branch 'main'
Your branch is up to date with 'origin/main'.

thuy linh@T1Odnoliub MINGW64 /c/Code/Bai_tap_THCS/24174600134_Nguyen_Thuy_Linh_bai_tap (main)
$ git checkout -b branch_3
Switched to a new branch 'branch_3'

thuy linh@T1Odnoliub MINGW64 /c/Code/Bai_tap_THCS/24174600134_Nguyen_Thuy_Linh_bai_tap (branch_3)
$ echo "Integer sit amet nisi aliquam, tempor libero quis, cursus erat." > text_branch_3.txt

thuy linh@T1Odnoliub MINGW64 /c/Code/Bai_tap_THCS/24174600134_Nguyen_Thuy_Linh_bai_tap (branch_3)
$ git add text_branch_3.txt

thuy linh@T1Odnoliub MINGW64 /c/Code/Bai_tap_THCS/24174600134_Nguyen_Thuy_Linh_bai_tap (branch_3)
$ git commit -m "Tạo file và thêm nội dung vào text_branch_3.txt "
[branch_3 d17a1f9] Tạo file và thêm nội dung vào text_branch_3.txt
 1 file changed, 1 insertion(+)
 create mode 100644 text_branch_3.txt

thuy linh@T1Odnoliub MINGW64 /c/Code/Bai_tap_THCS/24174600134_Nguyen_Thuy_Linh_bai_tap (branch_3)
$ git checkout main
Switched to branch 'main'
Your branch is up to date with 'origin/main'.

thuy linh@T1Odnoliub MINGW64 /c/Code/Bai_tap_THCS/24174600134_Nguyen_Thuy_Linh_bai_tap (main)
$ git checkout -b branch_4
Switched to a new branch 'branch_4'

thuy linh@T1Odnoliub MINGW64 /c/Code/Bai_tap_THCS/24174600134_Nguyen_Thuy_Linh_bai_tap (branch_4)
$ echo "Cras ac mi nec nisi porta ultrices sed non ante." > text_branch_4.txt

thuy linh@T1Odnoliub MINGW64 /c/Code/Bai_tap_THCS/24174600134_Nguyen_Thuy_Linh_bai_tap (branch_4)
$ git add text_branch_4.txt

thuy linh@T1Odnoliub MINGW64 /c/Code/Bai_tap_THCS/24174600134_Nguyen_Thuy_Linh_bai_tap (branch_4)
$ git commit -m "Tạo file và thêm nội dung vào text_branch_4.txt "
[branch_4 5cc8c90] Tạo file và thêm nội dung vào text_branch_4.txt
 1 file changed, 1 insertion(+)
 create mode 100644 text_branch_4.txt
thuy linh@T1Odnoliub MINGW64 /c/Code/Bai_tap_THCS/24174600134_Nguyen_Thuy_Linh_bai_tap (branch_4)
$ git checkout main
Switched to branch 'main'
Your branch is up to date with 'origin/main'.

thuy linh@T1Odnoliub MINGW64 /c/Code/Bai_tap_THCS/24174600134_Nguyen_Thuy_Linh_bai_tap (main)
$ git push -u origin main
branch 'main' set up to track 'origin/main'.
Everything up-to-date

thuy linh@T1Odnoliub MINGW64 /c/Code/Bai_tap_THCS/24174600134_Nguyen_Thuy_Linh_bai_tap (main)
$ git push -u origin branch_1
Enumerating objects: 4, done.
Counting objects: 100% (4/4), done.
Delta compression using up to 16 threads
Compressing objects: 100% (3/3), done.
Writing objects: 100% (3/3), 394 bytes | 394.00 KiB/s, done.
Total 3 (delta 0), reused 0 (delta 0), pack-reused 0 (from 0)
remote:
remote: Create a pull request for 'branch_1' on GitHub by visiting:
remote:      https://github.com/odnoliubz/24174600134_Nguyen_Thuy_Linh_bai_tap/pull/new/branch_1
remote:
To https://github.com/odnoliubz/24174600134_Nguyen_Thuy_Linh_bai_tap.git
 * [new branch]      branch_1 -> branch_1
branch 'branch_1' set up to track 'origin/branch_1'.

thuy linh@T1Odnoliub MINGW64 /c/Code/Bai_tap_THCS/24174600134_Nguyen_Thuy_Linh_bai_tap (main)
$ git push -u origin branch_2
Enumerating objects: 4, done.
Counting objects: 100% (4/4), done.
Delta compression using up to 16 threads
Compressing objects: 100% (3/3), done.
Writing objects: 100% (3/3), 387 bytes | 387.00 KiB/s, done.
Total 3 (delta 0), reused 0 (delta 0), pack-reused 0 (from 0)
remote:
remote: Create a pull request for 'branch_2' on GitHub by visiting:
remote:      https://github.com/odnoliubz/24174600134_Nguyen_Thuy_Linh_bai_tap/pull/new/branch_2
remote:
To https://github.com/odnoliubz/24174600134_Nguyen_Thuy_Linh_bai_tap.git
 * [new branch]      branch_2 -> branch_2
branch 'branch_2' set up to track 'origin/branch_2'.

thuy linh@T1Odnoliub MINGW64 /c/Code/Bai_tap_THCS/24174600134_Nguyen_Thuy_Linh_bai_tap (main)
$ git push -u origin branch_3
Enumerating objects: 4, done.
Counting objects: 100% (4/4), done.
Delta compression using up to 16 threads
Compressing objects: 100% (3/3), done.
Writing objects: 100% (3/3), 398 bytes | 398.00 KiB/s, done.
Total 3 (delta 0), reused 0 (delta 0), pack-reused 0 (from 0)
remote:
remote: Create a pull request for 'branch_3' on GitHub by visiting:
remote:      https://github.com/odnoliubz/24174600134_Nguyen_Thuy_Linh_bai_tap/pull/new/branch_3
remote:
To https://github.com/odnoliubz/24174600134_Nguyen_Thuy_Linh_bai_tap.git
 * [new branch]      branch_3 -> branch_3
branch 'branch_3' set up to track 'origin/branch_3'.

thuy linh@T1Odnoliub MINGW64 /c/Code/Bai_tap_THCS/24174600134_Nguyen_Thuy_Linh_bai_tap (main)
$ git push -u origin branch_4
Enumerating objects: 4, done.
Counting objects: 100% (4/4), done.
Delta compression using up to 16 threads
Compressing objects: 100% (2/2), done.
Writing objects: 100% (3/3), 388 bytes | 388.00 KiB/s, done.
Total 3 (delta 0), reused 0 (delta 0), pack-reused 0 (from 0)
remote:
remote: Create a pull request for 'branch_4' on GitHub by visiting:
remote:      https://github.com/odnoliubz/24174600134_Nguyen_Thuy_Linh_bai_tap/pull/new/branch_4
remote:
To https://github.com/odnoliubz/24174600134_Nguyen_Thuy_Linh_bai_tap.git
 * [new branch]      branch_4 -> branch_4
branch 'branch_4' set up to track 'origin/branch_4'.
Cau 4:
thuy linh@T1Odnoliub MINGW64 /c/Code/Bai_tap_THCS/24174600134_Nguyen_Thuy_Linh_bai_tap (main)
$ git branch -D branch_4
Deleted branch branch_4 (was 5cc8c90).
thuy linh@T1Odnoliub MINGW64 /c/Code/Bai_tap_THCS/24174600134_Nguyen_Thuy_Linh_bai_tap (main)
$ git branch --list
  branch_1
  branch_2
  branch_3
* main
Cau 5:
thuy linh@T1Odnoliub MINGW64 /c/Code/Bai_tap_THCS/24174600134_Nguyen_Thuy_Linh_bai_tap (main)
$ git pull
Already up to date.
Cau 7:
thuy linh@T1Odnoliub MINGW64 /c/Code/Bai_tap_THCS/24174600134_Nguyen_Thuy_Linh_bai_tap (main)
$ mkdir main_folder

thuy linh@T1Odnoliub MINGW64 /c/Code/Bai_tap_THCS/24174600134_Nguyen_Thuy_Linh_bai_tap (main)
$ touch main_folder/main_txt_1.txt main_folder/main_txt_2.txt main_folder/main_txt_3.txt

thuy linh@T1Odnoliub MINGW64 /c/Code/Bai_tap_THCS/24174600134_Nguyen_Thuy_Linh_bai_tap (main)
$ git add main_folder

thuy linh@T1Odnoliub MINGW64 /c/Code/Bai_tap_THCS/24174600134_Nguyen_Thuy_Linh_bai_tap (main)
$ git commit -m "Thêm thư mục main_folder và các file"
[main 3e2761c] Thêm thư mục main_folder và các file
 3 files changed, 0 insertions(+), 0 deletions(-)
 create mode 100644 main_folder/main_txt_1.txt
 create mode 100644 main_folder/main_txt_2.txt
 create mode 100644 main_folder/main_txt_3.txt

thuy linh@T1Odnoliub MINGW64 /c/Code/Bai_tap_THCS/24174600134_Nguyen_Thuy_Linh_bai_tap (main)
$ git push origin main
Enumerating objects: 5, done.
Counting objects: 100% (5/5), done.
Delta compression using up to 16 threads
Compressing objects: 100% (3/3), done.
Writing objects: 100% (4/4), 386 bytes | 386.00 KiB/s, done.
Total 4 (delta 0), reused 0 (delta 0), pack-reused 0 (from 0)
To https://github.com/odnoliubz/24174600134_Nguyen_Thuy_Linh_bai_tap.git
   b24f223..3e2761c  main -> main

thuy linh@T1Odnoliub MINGW64 /c/Code/Bai_tap_THCS/24174600134_Nguyen_Thuy_Linh_bai_tap (main)
$ git push origin main
Everything up-to-date

thuy linh@T1Odnoliub MINGW64 /c/Code/Bai_tap_THCS/24174600134_Nguyen_Thuy_Linh_bai_tap (main)
$ git pull
Already up to date.
Cau 8:
thuy linh@T1Odnoliub MINGW64 /c/Code/Bai_tap_THCS/24174600134_Nguyen_Thuy_Linh_bai_tap (main)
$ git checkout branch_1
Switched to branch 'branch_1'
Your branch is up to date with 'origin/branch_1'.

thuy linh@T1Odnoliub MINGW64 /c/Code/Bai_tap_THCS/24174600134_Nguyen_Thuy_Linh_bai_tap (branch_1)
$ git checkout -b branch_5
Switched to a new branch 'branch_5'

thuy linh@T1Odnoliub MINGW64 /c/Code/Bai_tap_THCS/24174600134_Nguyen_Thuy_Linh_bai_tap (branch_5)
$ echo "Etiam malesuada felis nulla, ac porta dui sollicitudin eget. Mauris hendrerit non
metus eget pellentesque. Etiam ornare ante at pretium hendrerit. Proin molestie accumsan
sapien, ac finibus libero lobortis quis. Praesent ac commodo eros. Nullam malesuada v el
dui nec feugiat. Cras justo ipsum, scelerisque et elit vitae, porttitor tristique turpis. Nam
ut hendrerit est. Nulla sed tincidunt nibh. Class aptent taciti sociosqu ad litora torquent
per conubia nostra, per inceptos himenaeos. Quisque vitae egestas lacus. Phasellus turpis
ante, euismod quis pellentesque et, pharetra id ligula. Vestibulum mattis sem ac ligula
auctor viverra. Phasellus dignissim mollis leo, vitae tristique enim." > text_branch_1.txt

thuy linh@T1Odnoliub MINGW64 /c/Code/Bai_tap_THCS/24174600134_Nguyen_Thuy_Linh_bai_tap (branch_5)
$ git add text_branch_1.txt

thuy linh@T1Odnoliub MINGW64 /c/Code/Bai_tap_THCS/24174600134_Nguyen_Thuy_Linh_bai_tap (branch_5)
$ git commit -m "Chỉnh sửa nội dung text_branch_1.txt trên branch_5"
[branch_5 e870a0b] Chỉnh sửa nội dung text_branch_1.txt trên branch_5
 1 file changed, 8 insertions(+), 1 deletion(-)

thuy linh@T1Odnoliub MINGW64 /c/Code/Bai_tap_THCS/24174600134_Nguyen_Thuy_Linh_bai_tap (branch_5)
$ git push origin branch_5
Enumerating objects: 5, done.
Counting objects: 100% (5/5), done.
Delta compression using up to 16 threads
Compressing objects: 100% (3/3), done.
Writing objects: 100% (3/3), 724 bytes | 724.00 KiB/s, done.
Total 3 (delta 0), reused 0 (delta 0), pack-reused 0 (from 0)
remote:
remote: Create a pull request for 'branch_5' on GitHub by visiting:
remote:      https://github.com/odnoliubz/24174600134_Nguyen_Thuy_Linh_bai_tap/pull/new/branch_5
remote:
To https://github.com/odnoliubz/24174600134_Nguyen_Thuy_Linh_bai_tap.git
 * [new branch]      branch_5 -> branch_5

Truy cập vào repository đến tab "Pull Requests" và tạo một pull request mới. Chọn branch_5 làm base và branch_1 làm head.
thuy linh@T1Odnoliub MINGW64 /c/Code/Bai_tap_THCS/24174600134_Nguyen_Thuy_Linh_bai_tap (main)
$ git checkout branch_1
Switched to branch 'branch_1'
Your branch is up to date with 'origin/branch_1'.

thuy linh@T1Odnoliub MINGW64 /c/Code/Bai_tap_THCS/24174600134_Nguyen_Thuy_Linh_bai_tap (branch_1)
$ git checkout -b branch_5
Switched to a new branch 'branch_5'

thuy linh@T1Odnoliub MINGW64 /c/Code/Bai_tap_THCS/24174600134_Nguyen_Thuy_Linh_bai_tap (branch_5)
$ echo "Etiam malesuada felis nulla, ac porta dui sollicitudin eget. Mauris hendrerit non
metus eget pellentesque. Etiam ornare ante at pretium hendrerit. Proin molestie accumsan
sapien, ac finibus libero lobortis quis. Praesent ac commodo eros. Nullam malesuada v el
dui nec feugiat. Cras justo ipsum, scelerisque et elit vitae, porttitor tristique turpis. Nam
ut hendrerit est. Nulla sed tincidunt nibh. Class aptent taciti sociosqu ad litora torquent
per conubia nostra, per inceptos himenaeos. Quisque vitae egestas lacus. Phasellus turpis
ante, euismod quis pellentesque et, pharetra id ligula. Vestibulum mattis sem ac ligula
auctor viverra. Phasellus dignissim mollis leo, vitae tristique enim." > text_branch_1.txt

thuy linh@T1Odnoliub MINGW64 /c/Code/Bai_tap_THCS/24174600134_Nguyen_Thuy_Linh_bai_tap (branch_5)
$ git add text_branch_1.txt

thuy linh@T1Odnoliub MINGW64 /c/Code/Bai_tap_THCS/24174600134_Nguyen_Thuy_Linh_bai_tap (branch_5)
$ git commit -m "Chỉnh sửa nội dung text_branch_1.txt trên branch_5"
[branch_5 e870a0b] Chỉnh sửa nội dung text_branch_1.txt trên branch_5
 1 file changed, 8 insertions(+), 1 deletion(-)

thuy linh@T1Odnoliub MINGW64 /c/Code/Bai_tap_THCS/24174600134_Nguyen_Thuy_Linh_bai_tap (branch_5)
$ git push origin branch_5
Enumerating objects: 5, done.
Counting objects: 100% (5/5), done.
Delta compression using up to 16 threads
Compressing objects: 100% (3/3), done.
Writing objects: 100% (3/3), 724 bytes | 724.00 KiB/s, done.
Total 3 (delta 0), reused 0 (delta 0), pack-reused 0 (from 0)
remote:
remote: Create a pull request for 'branch_5' on GitHub by visiting:
remote:      https://github.com/odnoliubz/24174600134_Nguyen_Thuy_Linh_bai_tap/pull/new/branch_5
remote:
To https://github.com/odnoliubz/24174600134_Nguyen_Thuy_Linh_bai_tap.git
 * [new branch]      branch_5 -> branch_5

thuy linh@T1Odnoliub MINGW64 /c/Code/Bai_tap_THCS/24174600134_Nguyen_Thuy_Linh_bai_tap (branch_5)
$ git checkout branch_1
Switched to branch 'branch_1'
Your branch is up to date with 'origin/branch_1'.

thuy linh@T1Odnoliub MINGW64 /c/Code/Bai_tap_THCS/24174600134_Nguyen_Thuy_Linh_bai_tap (branch_1)
$ git pull origin branch_1
remote: Enumerating objects: 1, done.
remote: Counting objects: 100% (1/1), done.
remote: Total 1 (delta 0), reused 0 (delta 0), pack-reused 0 (from 0)
Unpacking objects: 100% (1/1), 952 bytes | 952.00 KiB/s, done.
From https://github.com/odnoliubz/24174600134_Nguyen_Thuy_Linh_bai_tap
 * branch            branch_1   -> FETCH_HEAD
   f3632a4..0e4bef2  branch_1   -> origin/branch_1
Updating f3632a4..0e4bef2
Fast-forward
 text_branch_1.txt | 9 ++++++++-
 1 file changed, 8 insertions(+), 1 deletion(-)

thuy linh@T1Odnoliub MINGW64 /c/Code/Bai_tap_THCS/24174600134_Nguyen_Thuy_Linh_bai_tap (branch_1)
$ git add text_branch_1.txt

thuy linh@T1Odnoliub MINGW64 /c/Code/Bai_tap_THCS/24174600134_Nguyen_Thuy_Linh_bai_tap (branch_1)
$ git commit -m "Giải quyết xung đột"
On branch branch_1
Your branch is up to date with 'origin/branch_1'.

nothing to commit, working tree clean

thuy linh@T1Odnoliub MINGW64 /c/Code/Bai_tap_THCS/24174600134_Nguyen_Thuy_Linh_bai_tap (branch_1)
$ git push origin branch_1
Everything up-to-date

thuy linh@T1Odnoliub MINGW64 /c/Code/Bai_tap_THCS/24174600134_Nguyen_Thuy_Linh_bai_tap (branch_1)
$ git branch -D branch_5
Deleted branch branch_5 (was e870a0b).

thuy linh@T1Odnoliub MINGW64 /c/Code/Bai_tap_THCS/24174600134_Nguyen_Thuy_Linh_bai_tap (branch_1)
$ git push origin --delete branch_5
To https://github.com/odnoliubz/24174600134_Nguyen_Thuy_Linh_bai_tap.git
 - [deleted]         branch_5
Cau 9:
Pull request trên github
Cau 10:
thuy linh@T1Odnoliub MINGW64 /c/Code/Bai_tap_THCS/24174600134_Nguyen_Thuy_Linh_bai_tap (branch_1)
$ git checkout main
Switched to branch 'main'
Your branch is up to date with 'origin/main'.

thuy linh@T1Odnoliub MINGW64 /c/Code/Bai_tap_THCS/24174600134_Nguyen_Thuy_Linh_bai_tap (main)
$ git branch -d branch_2
warning: deleting branch 'branch_2' that has been merged to
         'refs/remotes/origin/branch_2', but not yet merged to HEAD
Deleted branch branch_2 (was fc38e28).

thuy linh@T1Odnoliub MINGW64 /c/Code/Bai_tap_THCS/24174600134_Nguyen_Thuy_Linh_bai_tap (main)
$ git branch -d branch_3
warning: deleting branch 'branch_3' that has been merged to
         'refs/remotes/origin/branch_3', but not yet merged to HEAD
Deleted branch branch_3 (was d17a1f9).

thuy linh@T1Odnoliub MINGW64 /c/Code/Bai_tap_THCS/24174600134_Nguyen_Thuy_Linh_bai_tap (main)
$ git branch -d branch_4
error: branch 'branch_4' not found

thuy linh@T1Odnoliub MINGW64 /c/Code/Bai_tap_THCS/24174600134_Nguyen_Thuy_Linh_bai_tap (main)
$ git push origin --delete branch_2
To https://github.com/odnoliubz/24174600134_Nguyen_Thuy_Linh_bai_tap.git
 - [deleted]         branch_2

thuy linh@T1Odnoliub MINGW64 /c/Code/Bai_tap_THCS/24174600134_Nguyen_Thuy_Linh_bai_tap (main)
$ git push origin --delete branch_3
To https://github.com/odnoliubz/24174600134_Nguyen_Thuy_Linh_bai_tap.git
 - [deleted]         branch_3

thuy linh@T1Odnoliub MINGW64 /c/Code/Bai_tap_THCS/24174600134_Nguyen_Thuy_Linh_bai_tap (main)
$ git push origin --delete branch_4
To https://github.com/odnoliubz/24174600134_Nguyen_Thuy_Linh_bai_tap.git
 - [deleted]         branch_4

thuy linh@T1Odnoliub MINGW64 /c/Code/Bai_tap_THCS/24174600134_Nguyen_Thuy_Linh_bai_tap (main)
$ git checkout branch_1
Switched to branch 'branch_1'
Your branch is up to date with 'origin/branch_1'.

thuy linh@T1Odnoliub MINGW64 /c/Code/Bai_tap_THCS/24174600134_Nguyen_Thuy_Linh_bai_tap (branch_1)
$ git pull origin main
remote: Enumerating objects: 20, done.
remote: Counting objects: 100% (20/20), done.
remote: Compressing objects: 100% (16/16), done.
remote: Total 17 (delta 5), reused 7 (delta 0), pack-reused 0 (from 0)
Unpacking objects: 100% (17/17), 4.67 KiB | 398.00 KiB/s, done.
From https://github.com/odnoliubz/24174600134_Nguyen_Thuy_Linh_bai_tap
 * branch            main       -> FETCH_HEAD
   3e2761c..51d28c6  main       -> origin/main
Updating 0e4bef2..51d28c6
Fast-forward
 main_folder/main_txt_1.txt | 0
 main_folder/main_txt_2.txt | 0
 main_folder/main_txt_3.txt | 0
 text_branch_2.txt          | 1 +
 text_branch_3.txt          | 1 +
 text_branch_4.txt          | 1 +
 6 files changed, 3 insertions(+)
 create mode 100644 main_folder/main_txt_1.txt
 create mode 100644 main_folder/main_txt_2.txt
 create mode 100644 main_folder/main_txt_3.txt
 create mode 100644 text_branch_2.txt
 create mode 100644 text_branch_3.txt
 create mode 100644 text_branch_4.txt

thuy linh@T1Odnoliub MINGW64 /c/Code/Bai_tap_THCS/24174600134_Nguyen_Thuy_Linh_bai_tap (branch_1)
$ git push
Total 0 (delta 0), reused 0 (delta 0), pack-reused 0 (from 0)
To https://github.com/odnoliubz/24174600134_Nguyen_Thuy_Linh_bai_tap.git
   0e4bef2..51d28c6  branch_1 -> branch_1

thuy linh@T1Odnoliub MINGW64 /c/Code/Bai_tap_THCS/24174600134_Nguyen_Thuy_Linh_bai_tap (branch_1)
$ git checkout main
Switched to branch 'main'
Your branch is up to date with 'origin/main'.

thuy linh@T1Odnoliub MINGW64 /c/Code/Bai_tap_THCS/24174600134_Nguyen_Thuy_Linh_bai_tap (main)
$ git branch -d branch_2
warning: deleting branch 'branch_2' that has been merged to
         'refs/remotes/origin/branch_2', but not yet merged to HEAD
Deleted branch branch_2 (was fc38e28).

thuy linh@T1Odnoliub MINGW64 /c/Code/Bai_tap_THCS/24174600134_Nguyen_Thuy_Linh_bai_tap (main)
$ git branch -d branch_3
warning: deleting branch 'branch_3' that has been merged to
         'refs/remotes/origin/branch_3', but not yet merged to HEAD
Deleted branch branch_3 (was d17a1f9).

thuy linh@T1Odnoliub MINGW64 /c/Code/Bai_tap_THCS/24174600134_Nguyen_Thuy_Linh_bai_tap (main)
$ git branch -d branch_4
error: branch 'branch_4' not found

thuy linh@T1Odnoliub MINGW64 /c/Code/Bai_tap_THCS/24174600134_Nguyen_Thuy_Linh_bai_tap (main)
$ git push origin --delete branch_2
To https://github.com/odnoliubz/24174600134_Nguyen_Thuy_Linh_bai_tap.git
 - [deleted]         branch_2

thuy linh@T1Odnoliub MINGW64 /c/Code/Bai_tap_THCS/24174600134_Nguyen_Thuy_Linh_bai_tap (main)
$ git push origin --delete branch_3
To https://github.com/odnoliubz/24174600134_Nguyen_Thuy_Linh_bai_tap.git
 - [deleted]         branch_3

thuy linh@T1Odnoliub MINGW64 /c/Code/Bai_tap_THCS/24174600134_Nguyen_Thuy_Linh_bai_tap (main)
$ git push origin --delete branch_4
To https://github.com/odnoliubz/24174600134_Nguyen_Thuy_Linh_bai_tap.git
 - [deleted]         branch_4

thuy linh@T1Odnoliub MINGW64 /c/Code/Bai_tap_THCS/24174600134_Nguyen_Thuy_Linh_bai_tap (main)
$ git checkout branch_1
Switched to branch 'branch_1'
Your branch is up to date with 'origin/branch_1'.

thuy linh@T1Odnoliub MINGW64 /c/Code/Bai_tap_THCS/24174600134_Nguyen_Thuy_Linh_bai_tap (branch_1)
$ git pull origin main
remote: Enumerating objects: 20, done.
remote: Counting objects: 100% (20/20), done.
remote: Compressing objects: 100% (16/16), done.
remote: Total 17 (delta 5), reused 7 (delta 0), pack-reused 0 (from 0)
Unpacking objects: 100% (17/17), 4.67 KiB | 398.00 KiB/s, done.
From https://github.com/odnoliubz/24174600134_Nguyen_Thuy_Linh_bai_tap
 * branch            main       -> FETCH_HEAD
   3e2761c..51d28c6  main       -> origin/main
Updating 0e4bef2..51d28c6
Fast-forward
 main_folder/main_txt_1.txt | 0
 main_folder/main_txt_2.txt | 0
 main_folder/main_txt_3.txt | 0
 text_branch_2.txt          | 1 +
 text_branch_3.txt          | 1 +
 text_branch_4.txt          | 1 +
 6 files changed, 3 insertions(+)
 create mode 100644 main_folder/main_txt_1.txt
 create mode 100644 main_folder/main_txt_2.txt
 create mode 100644 main_folder/main_txt_3.txt
 create mode 100644 text_branch_2.txt
 create mode 100644 text_branch_3.txt
 create mode 100644 text_branch_4.txt

thuy linh@T1Odnoliub MINGW64 /c/Code/Bai_tap_THCS/24174600134_Nguyen_Thuy_Linh_bai_tap (branch_1)
$ git push
Total 0 (delta 0), reused 0 (delta 0), pack-reused 0 (from 0)
To https://github.com/odnoliubz/24174600134_Nguyen_Thuy_Linh_bai_tap.git
   0e4bef2..51d28c6  branch_1 -> branch_1

thuy linh@T1Odnoliub MINGW64 /c/Code/Bai_tap_THCS/24174600134_Nguyen_Thuy_Linh_bai_tap (branch_1)
$ git checkout main
Switched to branch 'main'
Your branch is behind 'origin/main' by 10 commits, and can be fast-forwarded.
  (use "git pull" to update your local branch)

thuy linh@T1Odnoliub MINGW64 /c/Code/Bai_tap_THCS/24174600134_Nguyen_Thuy_Linh_bai_tap (main)
$ git pull
Updating 3e2761c..51d28c6
Fast-forward
 text_branch_1.txt | 8 ++++++++
 text_branch_2.txt | 1 +
 text_branch_3.txt | 1 +
 text_branch_4.txt | 1 +
 4 files changed, 11 insertions(+)
 create mode 100644 text_branch_1.txt
 create mode 100644 text_branch_2.txt
 create mode 100644 text_branch_3.txt
 create mode 100644 text_branch_4.txt
thuy linh@T1Odnoliub MINGW64 /c/Code/Bai_tap_THCS/24174600134_Nguyen_Thuy_Linh_bai_tap (branch_1)
$ git push
Total 0 (delta 0), reused 0 (delta 0), pack-reused 0 (from 0)
To https://github.com/odnoliubz/24174600134_Nguyen_Thuy_Linh_bai_tap.git
   0e4bef2..51d28c6  branch_1 -> branch_1

thuy linh@T1Odnoliub MINGW64 /c/Code/Bai_tap_THCS/24174600134_Nguyen_Thuy_Linh_bai_tap (branch_1)
$ git checkout main
Switched to branch 'main'
Your branch is behind 'origin/main' by 10 commits, and can be fast-forwarded.
  (use "git pull" to update your local branch)

thuy linh@T1Odnoliub MINGW64 /c/Code/Bai_tap_THCS/24174600134_Nguyen_Thuy_Linh_bai_tap (main)
$ git pull
Updating 3e2761c..51d28c6
Fast-forward
 text_branch_1.txt | 8 ++++++++
 text_branch_2.txt | 1 +
 text_branch_3.txt | 1 +
 text_branch_4.txt | 1 +
 4 files changed, 11 insertions(+)
 create mode 100644 text_branch_1.txt
 create mode 100644 text_branch_2.txt
 create mode 100644 text_branch_3.txt
 create mode 100644 text_branch_4.txt

thuy linh@T1Odnoliub MINGW64 /c/Code/Bai_tap_THCS/24174600134_Nguyen_Thuy_Linh_bai_tap (main)
$ notepad caulenh.txt

thuy linh@T1Odnoliub MINGW64 /c/Code/Bai_tap_THCS/24174600134_Nguyen_Thuy_Linh_bai_tap (main)
$ git add caulenh.txt
warning: in the working copy of 'caulenh.txt', CRLF will be replaced by LF the next time Git touches it

thuy linh@T1Odnoliub MINGW64 /c/Code/Bai_tap_THCS/24174600134_Nguyen_Thuy_Linh_bai_tap (main)
$ git commit -m "Thêm tệp caulenh.txt"
[main 3473d5e] Thêm tệp caulenh.txt
 1 file changed, 547 insertions(+)
 create mode 100644 caulenh.txt

thuy linh@T1Odnoliub MINGW64 /c/Code/Bai_tap_THCS/24174600134_Nguyen_Thuy_Linh_bai_tap (main)
$ git push origin main
Enumerating objects: 4, done.
Counting objects: 100% (4/4), done.
Delta compression using up to 16 threads
Compressing objects: 100% (3/3), done.
Writing objects: 100% (3/3), 3.31 KiB | 3.31 MiB/s, done.
Total 3 (delta 1), reused 0 (delta 0), pack-reused 0 (from 0)
remote: Resolving deltas: 100% (1/1), completed with 1 local object.
To https://github.com/odnoliubz/24174600134_Nguyen_Thuy_Linh_bai_tap.git
   51d28c6..3473d5e  main -> main



